// Jest Snapshot v1, https://goo.gl/fbAQLP

exports[`Default layout renders correctly 1`] = `
<div
  class="default-layout"
>
  <headerv2-stub />
   
  <nuxt-stub
    class="main-section"
  />
   
  <clientonly-stub>
    <cookienotice-stub />
  </clientonly-stub>
   
  <footer-stub />
</div>
`;
