// Jest Snapshot v1, https://goo.gl/fbAQLP

exports[`Error layout renders correctly 1`] = `
<div
  class="error-page container"
>
  <lottiemad-stub
    autoplay="true"
    class="case_lottie"
    height="170px"
    id="404-code"
    lottielink="/images/Cases/error/lottie/404.json"
    width="100%"
  />
   
  <h1
    class="error-page_title"
  >
    
    The page you were looking for doesnâ€™t exist.
  
  </h1>
   
  <nuxtlink-stub
    class="error-page_link"
    to="/"
  >
    
    Back to our site
  
  </nuxtlink-stub>
</div>
`;
