// Jest Snapshot v1, https://goo.gl/fbAQLP

exports[`DividerSlice component should render correctly 1`] = `
<div>
  <hr />
</div>
`;
