// Jest Snapshot v1, https://goo.gl/fbAQLP

exports[`ProjectsCountries component should render correctly 1`] = `
<div>
  <div
    class="projects-countries container"
  >
    <h2
      class="projects-countries_title"
    >
      
    Global projects in 20+ countries
  
    </h2>
     
    <p
      class="projects-countries_description"
    >
      
    We build solutions for 35M+ users worldwide
  
    </p>
     
    <div
      class="projects-countries_img-wrap"
    >
      <img
        alt="lobal projects in 20+ countries"
        class="projects-countries_img media_lazy"
        data-src="img.jpg"
        height="558"
        width="1240"
      />
    </div>
     
    <div
      class="customers__customers-list projects-countries_customers-list"
    >
      <div
        class="icon-wrapper"
        data-testid="icon-wrapper"
        style="background-color: transparent;"
      >
        <img
          alt="clutch"
          class="icon-wrapper__icon media_lazy"
          data-src="[object Object]"
          data-testid="customer-icon"
        />
      </div>
      <div
        class="icon-wrapper"
        data-testid="icon-wrapper"
        style="background-color: transparent;"
      >
        <img
          alt="godee"
          class="icon-wrapper__icon media_lazy"
          data-src="[object Object]"
          data-testid="customer-icon"
        />
      </div>
      <div
        class="icon-wrapper"
        data-testid="icon-wrapper"
        style="background-color: transparent;"
      >
        <img
          alt="sjmc"
          class="icon-wrapper__icon media_lazy"
          data-src="[object Object]"
          data-testid="customer-icon"
        />
      </div>
      <div
        class="icon-wrapper"
        data-testid="icon-wrapper"
        style="background-color: transparent;"
      >
        <img
          alt="dzing"
          class="icon-wrapper__icon media_lazy"
          data-src="[object Object]"
          data-testid="customer-icon"
        />
      </div>
      <div
        class="icon-wrapper"
        data-testid="icon-wrapper"
        style="background-color: transparent;"
      >
        <img
          alt="topica"
          class="icon-wrapper__icon media_lazy"
          data-src="[object Object]"
          data-testid="customer-icon"
        />
      </div>
      <div
        class="icon-wrapper"
        data-testid="icon-wrapper"
        style="background-color: transparent;"
      >
        <img
          alt="veeqo"
          class="icon-wrapper__icon media_lazy"
          data-src="[object Object]"
          data-testid="customer-icon"
        />
      </div>
      <div
        class="icon-wrapper"
        data-testid="icon-wrapper"
        style="background-color: transparent;"
      >
        <img
          alt="guardrails"
          class="icon-wrapper__icon media_lazy"
          data-src="[object Object]"
          data-testid="customer-icon"
        />
      </div>
      <div
        class="icon-wrapper"
        data-testid="icon-wrapper"
        style="background-color: transparent;"
      >
        <img
          alt="teacherly"
          class="icon-wrapper__icon media_lazy"
          data-src="[object Object]"
          data-testid="customer-icon"
        />
      </div>
      <div
        class="icon-wrapper"
        data-testid="icon-wrapper"
        style="background-color: transparent;"
      >
        <img
          alt="nambataxi"
          class="icon-wrapper__icon media_lazy"
          data-src="[object Object]"
          data-testid="customer-icon"
        />
      </div>
      <div
        class="icon-wrapper"
        data-testid="icon-wrapper"
        style="background-color: transparent;"
      >
        <img
          alt="alfa-bank"
          class="icon-wrapper__icon media_lazy"
          data-src="[object Object]"
          data-testid="customer-icon"
        />
      </div>
      <div
        class="icon-wrapper"
        data-testid="icon-wrapper"
        style="background-color: transparent;"
      >
        <img
          alt="edumall"
          class="icon-wrapper__icon media_lazy"
          data-src="[object Object]"
          data-testid="customer-icon"
        />
      </div>
      <div
        class="icon-wrapper"
        data-testid="icon-wrapper"
        style="background-color: transparent;"
      >
        <img
          alt="triggermesh"
          class="icon-wrapper__icon media_lazy"
          data-src="[object Object]"
          data-testid="customer-icon"
        />
      </div>
    </div>
     
    <button
      class="ui-link-btn projects-countries_link-btn"
      type="button"
    >
      <nuxtlink
        class="ui-link-btn_link"
        to="/case-studies/"
      >
        
    See all case studies 
  
      </nuxtlink>
    </button>
  </div>
</div>
`;
