// Jest Snapshot v1, https://goo.gl/fbAQLP

exports[`TechStackNamba component should render correctly 1`] = `
<div>
  <section
    class="container_regular"
  >
    <h2
      class="case_title_h2 m-24_bottom media-m-12_bottom case_technology-title"
    >
      
    Technologies we used
  
    </h2>
     
    <ul
      class="case_list-technologies m-96_bottom media-m-48_bottom"
    >
      <listtechnologiesitem-stub
        alt="Python"
        class="case_tech-list-item"
        imgalt="Python"
        name="python"
      />
      <listtechnologiesitem-stub
        alt="Django"
        class="case_tech-list-item"
        imgalt="Django"
        name="django"
      />
      <listtechnologiesitem-stub
        alt="Django REST"
        class="case_tech-list-item"
        imgalt="Django REST"
        name="django-rest"
      />
      <listtechnologiesitem-stub
        alt="Celery"
        class="case_tech-list-item"
        imgalt="Celery"
        name="celery"
      />
      <listtechnologiesitem-stub
        alt="Go"
        class="case_tech-list-item"
        imgalt="Go"
        name="go"
      />
      <listtechnologiesitem-stub
        alt="Jinja"
        class="case_tech-list-item"
        imgalt="Jinja"
        name="jinja"
      />
      <listtechnologiesitem-stub
        alt="uWSGI"
        class="case_tech-list-item"
        imgalt="uWSGI"
        name="uwsgi"
      />
      <listtechnologiesitem-stub
        alt="Nginx"
        class="case_tech-list-item"
        imgalt="Nginx"
        name="nginx"
      />
      <listtechnologiesitem-stub
        alt="HAProxy"
        class="case_tech-list-item"
        imgalt="HAProxy"
        name="haproxy"
      />
      <listtechnologiesitem-stub
        alt="Docker"
        class="case_tech-list-item"
        imgalt="Docker"
        name="docker"
      />
      <listtechnologiesitem-stub
        alt="Docker Compose"
        class="case_tech-list-item"
        imgalt="Docker Compose"
        name="docker-compose"
      />
      <listtechnologiesitem-stub
        alt="GitLab CI/CD"
        class="case_tech-list-item"
        imgalt="GitLab CI/CD"
        name="gitlab"
      />
      <listtechnologiesitem-stub
        alt="Jenkins"
        class="case_tech-list-item"
        imgalt="Jenkins"
        name="jenkins"
      />
      <listtechnologiesitem-stub
        alt="Sentry"
        class="case_tech-list-item"
        imgalt="Sentry"
        name="sentry"
      />
      <listtechnologiesitem-stub
        alt="Grafana"
        class="case_tech-list-item"
        imgalt="Grafana"
        name="grafana"
      />
      <listtechnologiesitem-stub
        alt="Graylog"
        class="case_tech-list-item"
        imgalt="Graylog"
        name="graylog"
      />
      <listtechnologiesitem-stub
        alt="Kibana"
        class="case_tech-list-item"
        imgalt="Kibana"
        name="kibana"
      />
      <listtechnologiesitem-stub
        alt="MySQL"
        class="case_tech-list-item"
        imgalt="MySQL"
        name="mysql"
      />
      <listtechnologiesitem-stub
        alt="Redis"
        class="case_tech-list-item"
        imgalt="Redis"
        name="redis"
      />
      <listtechnologiesitem-stub
        alt="Elasticsearch"
        class="case_tech-list-item"
        imgalt="Elasticsearch"
        name="elastic"
      />
      <listtechnologiesitem-stub
        alt="MinIO"
        class="case_tech-list-item"
        imgalt="MinIO"
        name="minio"
      />
      <listtechnologiesitem-stub
        alt="OpenStreetMap"
        class="case_tech-list-item"
        imgalt="OpenStreetMap"
        name="open-street-map"
      />
      <listtechnologiesitem-stub
        alt="OSRM"
        class="case_tech-list-item"
        imgalt="OSRM"
        name="osrm"
      />
      <listtechnologiesitem-stub
        alt="gRPC"
        class="case_tech-list-item"
        imgalt="gRPC"
        name="grpc"
      />
      <listtechnologiesitem-stub
        alt="Node.js"
        class="case_tech-list-item"
        imgalt="Node.js"
        name="node"
      />
      <listtechnologiesitem-stub
        alt="Twisted"
        class="case_tech-list-item"
        imgalt="Twisted"
        name="twisted"
      />
      <listtechnologiesitem-stub
        alt="Ruby"
        class="case_tech-list-item"
        imgalt="Ruby"
        name="ruby"
      />
      <listtechnologiesitem-stub
        alt="WebRTC"
        class="case_tech-list-item"
        imgalt="WebRTC"
        name="webrtc"
      />
      <listtechnologiesitem-stub
        alt="HTML"
        class="case_tech-list-item"
        imgalt="HTML"
        name="html"
      />
      <listtechnologiesitem-stub
        alt="CSS"
        class="case_tech-list-item"
        imgalt="CSS"
        name="css"
      />
      <listtechnologiesitem-stub
        alt="jQuery"
        class="case_tech-list-item"
        imgalt="jQuery"
        name="jquery"
      />
      <listtechnologiesitem-stub
        alt="Bootstrap"
        class="case_tech-list-item"
        imgalt="Bootstrap"
        name="bootstrap"
      />
      <listtechnologiesitem-stub
        alt="JavaScript"
        class="case_tech-list-item"
        imgalt="JavaScript"
        name="js"
      />
      <listtechnologiesitem-stub
        alt="React"
        class="case_tech-list-item"
        imgalt="React"
        name="react"
      />
    </ul>
  </section>
</div>
`;
