// Jest Snapshot v1, https://goo.gl/fbAQLP

exports[`orderedListSlice component should render correctly with data 1`] = `
<div>
  <ol
    class="case-list_numbered"
  >
    <prismicrichtext-stub
      field="list introduction"
      html-serializer="function htmlSerializer() {
          return null;
        }"
    />
     
    <li
      class="case_list-numbered_item"
    >
      
    list item 1
  
    </li>
    <li
      class="case_list-numbered_item"
    >
      
    list item 2
  
    </li>
    <li
      class="case_list-numbered_item"
    >
      
    list item 3
  
    </li>
    <li
      class="case_list-numbered_item"
    >
      
    list item 4
  
    </li>
    <li
      class="case_list-numbered_item"
    >
      
    list item 5
  
    </li>
  </ol>
</div>
`;
