// Jest Snapshot v1, https://goo.gl/fbAQLP

exports[`SoftwareDevelopment component should render correctly 1`] = `
<div>
  <section
    class="software-development"
    id="software-development"
  >
    <div
      class="container"
    >
      <h2
        class="software-development__main-title"
      >
        
      Software Development
    
      </h2>
       
      <div
        class="software-development__content"
      >
        <div
          class="content-item"
        >
          <div
            class="content-item__content-wrapper"
          >
            <div
              class="content-item__text-content"
            >
              <clientonly-stub>
                <h3
                  class="item-title content-item__title"
                >
                  
          Backend
        
                </h3>
                 
                <h4
                  class="item-sub-title content-item__sub-title"
                >
                  
          Your MVP doesn't work as expected after launch?
        
                </h4>
                 
                <p
                  class="paragraph content-item__paragraph content-item__paragraph-backend"
                  data-testid="test-paragraph"
                >
                  Let our positively mad team rescue you and create sensible server logic for your project. We'll cure your growth pains like good doctors â€“ just tell us about them and only focus on your business.
                </p>
                <p
                  class="paragraph content-item__paragraph content-item__paragraph-backend"
                  data-testid="test-paragraph"
                >
                  At Mad Devs we know everything about:
                </p>
              </clientonly-stub>
            </div>
             
            <softwaredevelopmenticons-stub
              icons="[object Object],[object Object],[object Object],[object Object],[object Object],[object Object],[object Object],[object Object]"
            />
          </div>
        </div>
        <div
          class="content-item"
        >
          <div
            class="content-item__content-wrapper"
          >
            <div
              class="content-item__text-content"
            >
              <clientonly-stub>
                <h3
                  class="item-title content-item__title"
                >
                  
          Frontend
        
                </h3>
                 
                <h4
                  class="item-sub-title content-item__sub-title"
                >
                  
          Your users get lost in lousy interfaces?
        
                </h4>
                 
                <p
                  class="paragraph content-item__paragraph content-item__paragraph-frontend"
                  data-testid="test-paragraph"
                >
                  Our wizards will take your UX magic to the next level where everything is intuitive and 
                  <span>
                    user-friendly.
                  </span>
                   
                  <span>
                    Mad Devs
                  </span>
                   strive to get involved with 
                  <span>
                    well-polished
                  </span>
                   projects that will live a long life.
                </p>
                <p
                  class="paragraph content-item__paragraph content-item__paragraph-frontend"
                  data-testid="test-paragraph"
                >
                  We work with the best 
                  <span>
                    present-day
                  </span>
                   frontend stack:
                </p>
              </clientonly-stub>
            </div>
             
            <softwaredevelopmenticons-stub
              icons="[object Object],[object Object],[object Object],[object Object],[object Object],[object Object],[object Object],[object Object]"
            />
          </div>
        </div>
        <div
          class="content-item"
        >
          <div
            class="content-item__content-wrapper"
          >
            <div
              class="content-item__text-content"
            >
              <clientonly-stub>
                <h3
                  class="item-title content-item__title"
                >
                  
          Mobile
        
                </h3>
                 
                <h4
                  class="item-sub-title content-item__sub-title"
                >
                  
          Your app is slow and unable to survive a demo?
        
                </h4>
                 
                <p
                  class="paragraph content-item__paragraph content-item__paragraph-mobile"
                  data-testid="test-paragraph"
                >
                  We understand that your success is our reputation, so we want your apps to be awesome. Our team will deliver an app that you'll be ecstatic to use yourself.
                </p>
                <p
                  class="paragraph content-item__paragraph content-item__paragraph-mobile"
                  data-testid="test-paragraph"
                >
                  We do both iOS and Android development using the following languages and frameworks:
                </p>
              </clientonly-stub>
            </div>
             
            <softwaredevelopmenticons-stub
              icons="[object Object],[object Object],[object Object],[object Object],[object Object],[object Object],[object Object],[object Object]"
            />
          </div>
        </div>
      </div>
       
      <button
        class="ui-button-modal-trigger software-development__button ui-button-modal-trigger--grey"
      >
        
  Get your trusted IT partner

      </button>
    </div>
     
    <transition-stub
      mode="out-in"
      name="main-fade"
    >
      <!---->
    </transition-stub>
  </section>
</div>
`;
