// Jest Snapshot v1, https://goo.gl/fbAQLP

exports[`technology renders correctly 1`] = `
<section
  class="container_regular"
>
  <h2
    class="case_title_h2 m-24_bottom"
  >
    
    Technology stack
  
  </h2>
   
  <ul
    class="case_list-technologies m-96_bottom media-m-48_bottom"
  >
    <li
      class="case_technologies-item"
      tech-name="Golang"
    >
      <div
        class="case_technologies-item__tech-icon case_technologies-item__backend-go backend-go"
      />
       
      <p
        class="case_technologies-item__tech-name"
      >
        
    
  
      </p>
    </li>
    <li
      class="case_technologies-item"
      tech-name="Django"
    >
      <div
        class="case_technologies-item__tech-icon case_technologies-item__backend-django backend-django"
      />
       
      <p
        class="case_technologies-item__tech-name"
      >
        
    
  
      </p>
    </li>
    <li
      class="case_technologies-item"
      tech-name="PostgreSQL"
    >
      <div
        class="case_technologies-item__tech-icon case_technologies-item__backend-postgresql backend-postgresql"
      />
       
      <p
        class="case_technologies-item__tech-name"
      >
        
    
  
      </p>
    </li>
    <li
      class="case_technologies-item"
      tech-name="Nimble Streamer"
    >
      <div
        class="case_technologies-item__tech-icon case_technologies-item__other-nimble other-nimble"
      />
       
      <p
        class="case_technologies-item__tech-name"
      >
        
    
  
      </p>
    </li>
    <li
      class="case_technologies-item"
      tech-name="Plex Media Server"
    >
      <div
        class="case_technologies-item__tech-icon case_technologies-item__other-plex other-plex"
      />
       
      <p
        class="case_technologies-item__tech-name"
      >
        
    
  
      </p>
    </li>
    <li
      class="case_technologies-item"
      tech-name="jQuery"
    >
      <div
        class="case_technologies-item__tech-icon case_technologies-item__frontend-jquery frontend-jquery"
      />
       
      <p
        class="case_technologies-item__tech-name"
      >
        
    
  
      </p>
    </li>
    <li
      class="case_technologies-item"
      tech-name="Video.js"
    >
      <div
        class="case_technologies-item__tech-icon case_technologies-item__frontend-video-js frontend-video-js"
      />
       
      <p
        class="case_technologies-item__tech-name"
      >
        
    
  
      </p>
    </li>
    <li
      class="case_technologies-item"
      tech-name="Nginx"
    >
      <div
        class="case_technologies-item__tech-icon case_technologies-item__devops-nginx-txt devops-nginx-txt"
      />
       
      <p
        class="case_technologies-item__tech-name"
      >
        
    
  
      </p>
    </li>
  </ul>
</section>
`;
