// Jest Snapshot v1, https://goo.gl/fbAQLP

exports[`Image attribute slice component renders correctly 1`] = `
<div>
  <div
    class="post-part single"
  >
    <div
      class="block-img image-full-width"
    >
      <prismic-image-stub
        class=""
        field="[object Object]"
      />
       
      <!---->
    </div>
     
    <p
      class="image-label"
    >
      caption
    </p>
  </div>
</div>
`;
