// Jest Snapshot v1, https://goo.gl/fbAQLP

exports[`UnderlinedButton component should render correctly 1`] = `
<div>
  <button
    class="underlined-button"
  />
</div>
`;
