// Jest Snapshot v1, https://goo.gl/fbAQLP

exports[`FooterNavbarMobile component should render correctly 1`] = `
<div>
  <div
    class="footer-navbar-mobile"
  >
    <p
      class="footer-navbar-mobile__company-name"
    >
      
    Â© Mad Devs - 2021
  
    </p>
     
    <div
      class="footer-navbar-mobile__nav-list"
    >
      <a
        class="footer-navbar-mobile__nav-link"
        href="/gdpr/"
        target="_blank"
      >
        
      GDPR Compliance Commitment
    
      </a>
      <a
        class="footer-navbar-mobile__nav-link"
        href="/nda/"
        target="_blank"
      >
        
      Non-Disclosure Agreement (NDA)
    
      </a>
      <a
        class="footer-navbar-mobile__nav-link"
        href="/privacy/"
        target="_blank"
      >
        
      Privacy Policy
    
      </a>
      <a
        class="footer-navbar-mobile__nav-link"
        href="/faq/"
        target="_blank"
      >
        
      FAQ
    
      </a>
    </div>
  </div>
</div>
`;
