// Jest Snapshot v1, https://goo.gl/fbAQLP

exports[`CasesList component should render correctly 1`] = `
<div>
  <div
    class="container"
  >
    <section
      class="cases-list"
    >
      <caseslistitem-stub
        class="cases-list_sjmc"
        data-testid="test-case-card"
        desc="Mad Devs engineers helped Sir John Monash Centre to enhance and maintain the BYOD multimedia technology."
        link="/case-studies/sir-john-monash-centre/"
        logo="[object Object]"
        poster="/images/Cases/sjmc/jpg/sjmc-poster.jpg"
        subtitle="BYOD"
        title="Sir John Monash Centre"
        titletag="h3"
        videofilename="/videos/sjmc/sjmc-main-video.b35a387.mp4#t=2"
        width="full"
      />
      <caseslistitem-stub
        class="cases-list_nambafood"
        data-testid="test-case-card"
        desc="Mad Devs created the Namba Food delivery service from scratch. The solution orchestrates feature-rich apps for couriers, end-users, and business owners."
        link="/case-studies/namba-food/"
        logo="[object Object]"
        poster="/images/Cases/nambafood/jpg/nambafood-poster.jpg"
        subtitle="Foodtech"
        title="Contactless Delivery Service"
        titletag="h3"
        videofilename="/videos/main.ef19480.mp4#t=1"
        width="big"
      />
      <caseslistitem-stub
        class="cases-list_yourcast"
        data-testid="test-case-card"
        desc="Mad Devs developed a secure and private video streaming service and live video broadcasting cinema to provide entertainment experience to isolated groups feeling homesick."
        link="/case-studies/yourcast/"
        logo="[object Object]"
        poster="/images/Cases/yourcast/jpg/yourcast-poster.jpg"
        subtitle="Content Streaming"
        title="The Evolution of Yourcast.TV"
        titletag="h3"
        videofilename="/videos/yourcast-banner.mp4#t=1"
        width="small"
      />
      <caseslistitem-stub
        class="cases-list_godee"
        data-testid="test-case-card"
        desc="Mad Devs helped GoDee with developing feature-rich software to re-invent public mobility by building new smart ways of a daily commute."
        link="/case-studies/godee/"
        logo="[object Object]"
        poster="/images/Cases/godee/jpg/godee-poster.jpg"
        subtitle="Transportation"
        title="Convenient shuttle bus service"
        titletag="h3"
        videofilename="/videos/godee-case-main-video.mp4#t=1"
        width="full"
      />
      <caseslistitem-stub
        class="cases-list_itc"
        data-testid="test-case-card"
        desc="A web app customized for the delivery of export management coaching missions that contributes to the development of intra-regional and international trade in Central Asia"
        link="/case-studies/R4TCA-web-application/"
        logo="[object Object]"
        poster="/images/Cases/itc/jpg/itc-banner.jpg"
        subtitle="Digital transformation"
        title="Ready4Trade Central Asia"
        titletag="h3"
        videofilename="/videos/itc-banner.mp4#t=1"
        width="big"
      />
      <caseslistitem-stub
        class="cases-list_veeqo"
        data-testid="test-case-card"
        desc="Our DevOps team optimized the infrastructure for Veeqo, an inventory and shipping e-commerce platform, and made it highly efficient, smooth, and cost-effective for our partners."
        link="/case-studies/veeqo/"
        logo="[object Object]"
        poster="/images/Cases/veeqo/svg/veeqo-banner-bg.svg"
        subtitle="Logistics"
        title="Optimization for Veeqo"
        titletag="h3"
        videofilename="/videos/veeqo-banner.mp4#t=1"
        width="small"
      />
    </section>
     
    <nuxtlink-stub
      class="cases-list_see-more"
      to="/case-studies/"
    >
      <span>
        See More
      </span>
    </nuxtlink-stub>
  </div>
</div>
`;
