// Jest Snapshot v1, https://goo.gl/fbAQLP

exports[`ListTeam component should render correctly 1`] = `
<div>
  <ul
    class="case_list-team"
  >
    <li>
      List item
    </li>
  </ul>
</div>
`;
