// Jest Snapshot v1, https://goo.gl/fbAQLP

exports[`post tag component is a Vue instance 1`] = `
<div>
  <nuxtlink
    class="post-tag light"
    to="/blog/tag/posttag/"
  >
    <span
      class="tag"
      data-testid="test-tag"
    >
      
    post-tag
  
    </span>
  </nuxtlink>
</div>
`;
