// Jest Snapshot v1, https://goo.gl/fbAQLP

exports[`TechnologyStack component should render correctly 1`] = `
<div>
  <section
    class="container_regular"
  >
    <h2
      class="case_title_h2 m-24_bottom"
    >
      
    Technology stack
  
    </h2>
  </section>
</div>
`;
