// Jest Snapshot v1, https://goo.gl/fbAQLP

exports[`UIButton component should render correctly with slot 1`] = `
<div>
  <h4
    class="item-sub-title"
  >
    some title
  </h4>
</div>
`;
